[prium.github.io/Boots4/nav-six-item-three-column.html]
[backblue.gif]
[fade.gif]
[index.html]
[prium.github.io/Boots4/assets/img/favicons/apple-touch-icon.png]
[prium.github.io/Boots4/assets/img/favicons/favicon-32x32.png]
[prium.github.io/Boots4/assets/img/favicons/favicon-16x16.png]
[prium.github.io/Boots4/assets/img/favicons/favicon.ico]
[prium.github.io/Boots4/assets/img/favicons/manifest.json]
[prium.github.io/Boots4/assets/img/favicons/mstile-150x150.png]
[prium.github.io/Boots4/assets/lib/prismjs/prism.css]
[prium.github.io/Boots4/assets/lib/loaders.css/loaders.min.css]
[prium.github.io/Boots4/assets/lib/remodal/remodal.css]
[prium.github.io/Boots4/assets/lib/remodal/remodal-default-theme.css]
[prium.github.io/Boots4/assets/lib/owl.carousel/owl.carousel.css]
[prium.github.io/Boots4/assets/lib/lightbox2/css/lightbox.css]
[prium.github.io/Boots4/assets/lib/semantic-ui-accordion/accordion.min.css]
[prium.github.io/Boots4/assets/lib/semantic-ui-transition/transition.min.css]
[prium.github.io/Boots4/assets/css/theme.css]
[prium.github.io/Boots4/assets/img/winter_designer.svg]
[prium.github.io/Boots4/assets/img/navigation/about.jpg]
[prium.github.io/Boots4/assets/img/lineicons/favorites.svg]
[prium.github.io/Boots4/assets/img/navigation/service.jpg]
[prium.github.io/Boots4/assets/img/lineicons/suitcase.svg]
[prium.github.io/Boots4/assets/img/navigation/portfolio.jpg]
[prium.github.io/Boots4/assets/img/lineicons/heart.svg]
[prium.github.io/Boots4/assets/img/navigation/gallery.jpg]
[prium.github.io/Boots4/assets/img/lineicons/image.svg]
[prium.github.io/Boots4/assets/img/navigation/faq.jpg]
[prium.github.io/Boots4/assets/img/lineicons/computer.svg]
[prium.github.io/Boots4/assets/img/navigation/contact.jpg]
[prium.github.io/Boots4/assets/img/lineicons/placeholder.svg]
[prium.github.io/Boots4/assets/img/infinity.jpg]
[prium.github.io/Boots4/assets/img/shapes/1.png]
[prium.github.io/Boots4/assets/img/icons/lightbulb_idea.svg]
[prium.github.io/Boots4/assets/img/shapes/2.png]
[prium.github.io/Boots4/assets/img/icons/coffe.svg]
[prium.github.io/Boots4/assets/img/shapes/3.png]
[prium.github.io/Boots4/assets/img/icons/cloud.svg]
[prium.github.io/Boots4/assets/img/team/1.jpg]
[prium.github.io/Boots4/assets/img/team/2.jpg]
[prium.github.io/Boots4/assets/img/team/3.jpg]
[prium.github.io/Boots4/assets/img/team/4.jpg]
[prium.github.io/Boots4/assets/img/team/5.jpg]
[prium.github.io/Boots4/assets/img/team/6.jpg]
[prium.github.io/Boots4/assets/img/team/7.jpg]
[prium.github.io/Boots4/assets/img/team/8.jpg]
[prium.github.io/Boots4/assets/img/sidebars/about.jpg]
[prium.github.io/Boots4/assets/img/times.svg]
[prium.github.io/Boots4/assets/img/times-black.svg]
[prium.github.io/Boots4/assets/img/icons/brush.svg]
[prium.github.io/Boots4/assets/img/logo/1.png]
[prium.github.io/Boots4/assets/img/logo/2.png]
[prium.github.io/Boots4/assets/img/logo/3.png]
[prium.github.io/Boots4/assets/img/logo/4.png]
[prium.github.io/Boots4/assets/img/logo/5.png]
[prium.github.io/Boots4/assets/img/logo/6.png]
[prium.github.io/Boots4/assets/img/logo/7.png]
[prium.github.io/Boots4/assets/img/logo/8.png]
[prium.github.io/Boots4/assets/img/sidebars/service.jpg]
[prium.github.io/Boots4/assets/img/projects/project-7-f.jpg]
[prium.github.io/Boots4/assets/img/projects/project-7.jpg]
[prium.github.io/Boots4/assets/img/projects/project-11-f.jpg]
[prium.github.io/Boots4/assets/img/projects/project-11.jpg]
[prium.github.io/Boots4/assets/img/projects/project-8-f.jpg]
[prium.github.io/Boots4/assets/img/projects/project-8.jpg]
[prium.github.io/Boots4/assets/img/projects/project-9-f.jpg]
[prium.github.io/Boots4/assets/img/projects/project-9.jpg]
[prium.github.io/Boots4/assets/img/projects/project-12-f.jpg]
[prium.github.io/Boots4/assets/img/projects/project-12.jpg]
[prium.github.io/Boots4/assets/img/projects/project-13.jpg]
[prium.github.io/Boots4/assets/img/projects/project-14.jpg]
[prium.github.io/Boots4/assets/img/projects/project-15.jpg]
[prium.github.io/Boots4/assets/img/projects/project-10-f.jpg]
[prium.github.io/Boots4/assets/img/projects/project-10.jpg]
[prium.github.io/Boots4/assets/img/sidebars/portfolio.jpg]
[prium.github.io/Boots4/assets/img/gallery/1-f.jpg]
[prium.github.io/Boots4/assets/img/gallery/1.jpg]
[prium.github.io/Boots4/assets/img/gallery/2-f.jpg]
[prium.github.io/Boots4/assets/img/gallery/2.jpg]
[prium.github.io/Boots4/assets/img/gallery/3-f.jpg]
[prium.github.io/Boots4/assets/img/gallery/3.jpg]
[prium.github.io/Boots4/assets/img/gallery/4-f.jpg]
[prium.github.io/Boots4/assets/img/gallery/4.jpg]
[prium.github.io/Boots4/assets/img/gallery/5-f.jpg]
[prium.github.io/Boots4/assets/img/gallery/5.jpg]
[prium.github.io/Boots4/assets/img/gallery/6-f.jpg]
[prium.github.io/Boots4/assets/img/gallery/6.jpg]
[prium.github.io/Boots4/assets/img/gallery/7-f.jpg]
[prium.github.io/Boots4/assets/img/gallery/7.jpg]
[prium.github.io/Boots4/assets/img/gallery/8-f.jpg]
[prium.github.io/Boots4/assets/img/gallery/8.jpg]
[prium.github.io/Boots4/assets/img/gallery/9-f.jpg]
[prium.github.io/Boots4/assets/img/gallery/9.jpg]
[prium.github.io/Boots4/assets/img/sidebars/gallery.jpg]
[prium.github.io/Boots4/assets/img/sidebars/faq.jpg]
[prium.github.io/Boots4/assets/img/sidebars/contact.jpg]
[prium.github.io/Boots4/assets/js/jquery.min.js]
[prium.github.io/Boots4/assets/js/popper.min.js]
[prium.github.io/Boots4/assets/js/bootstrap.js]
[prium.github.io/Boots4/assets/lib/prismjs/prism.js]
[prium.github.io/Boots4/assets/js/plugins.js]
[prium.github.io/Boots4/assets/lib/loaders.css/loaders.css.js]
[prium.github.io/Boots4/assets/js/stickyfill.min.js]
[prium.github.io/Boots4/assets/lib/remodal/remodal.js]
[prium.github.io/Boots4/assets/lib/jtap/jquery.tap.js]
[www.google.com/recaptcha/api.js]
[cdn.polyfill.io/v2/polyfill.min85ed.js]
[prium.github.io/Boots4/assets/lib/owl.carousel/owl.carousel.js]
[prium.github.io/Boots4/assets/lib/isotope-layout/isotope.pkgd.min.js]
[prium.github.io/Boots4/assets/lib/isotope-packery/packery-mode.pkgd.min.js]
[prium.github.io/Boots4/assets/lib/lightbox2/js/lightbox.js]
[prium.github.io/Boots4/assets/lib/semantic-ui-accordion/accordion.min.js]
[prium.github.io/Boots4/assets/lib/semantic-ui-transition/transition.min.js]
[prium.github.io/Boots4/assets/js/theme.js]
[prium.github.io/Boots4/nav-six-item-three-column.html]
[prium.github.io/Boots4/assets/lib/prismjs/prism.css]
[prium.github.io/Boots4/assets/lib/loaders.css/loaders.min.css]
[prium.github.io/Boots4/assets/lib/remodal/remodal.css]
[prium.github.io/Boots4/assets/lib/remodal/remodal-default-theme.css]
[prium.github.io/Boots4/assets/lib/owl.carousel/owl.video.play.png]
[prium.github.io/Boots4/assets/lib/owl.carousel/owl.carousel.css]
[prium.github.io/Boots4/assets/lib/lightbox2/images/loading.gif]
[prium.github.io/Boots4/assets/lib/lightbox2/images/prev.png]
[prium.github.io/Boots4/assets/lib/lightbox2/images/next.png]
[prium.github.io/Boots4/assets/lib/lightbox2/images/close.png]
[prium.github.io/Boots4/assets/lib/lightbox2/css/lightbox.css]
[prium.github.io/Boots4/assets/lib/semantic-ui-accordion/accordion.min.css]
[prium.github.io/Boots4/assets/lib/semantic-ui-transition/transition.min.css]
[prium.github.io/Boots4/assets/img/showcase-bg.jpg]
[prium.github.io/Boots4/assets/img/divider.jpg]
[prium.github.io/Boots4/assets/css/theme.css]
[prium.github.io/Boots4/assets/img/winter_designer.svg]
[prium.github.io/Boots4/assets/img/lineicons/favorites.svg]
[prium.github.io/Boots4/assets/img/lineicons/suitcase.svg]
[prium.github.io/Boots4/assets/img/lineicons/heart.svg]
[prium.github.io/Boots4/assets/img/lineicons/image.svg]
[prium.github.io/Boots4/assets/img/lineicons/computer.svg]
[prium.github.io/Boots4/assets/img/lineicons/placeholder.svg]
[prium.github.io/Boots4/assets/img/icons/lightbulb_idea.svg]
[prium.github.io/Boots4/assets/img/icons/coffe.svg]
[prium.github.io/Boots4/assets/img/icons/cloud.svg]
[prium.github.io/Boots4/assets/img/times.svg]
[prium.github.io/Boots4/assets/img/times-black.svg]
[prium.github.io/Boots4/assets/img/icons/brush.svg]
[prium.github.io/Boots4/assets/lib/owl.carousel/owl.video.play.html]
